---

Symbol: test_method
/TEST_OUTPUT/workspace/main.py
Kind: Method
Container Name: TestClass
Range: L31:C1 - L41:C26

31|    def test_method(self, increment: int) -> int:
32|        """Increment the value by the given amount.
33|
34|        Args:
35|            increment: The amount to increment by
36|
37|        Returns:
38|            The new value
39|        """
40|        self.value += increment
41|        return self.value

