================================================================================
Symbol: FooBar
/TEST_OUTPUT/workspace/main.go
Kind: Function
Container Name: example.com/testproject
Start Position: Line 6, Column 1
End Position: Line 8, Column 2
================================================================================
6|func FooBar() string {
7|	return "Hello, World!"
8|}

