---

/TEST_OUTPUT/workspace/another_consumer.ts
References in File: 2
At: L7:C3, L29:C30

 2|import { 
 3|  SharedFunction, 
 4|  SharedInterface, 
 5|  SharedClass, 
 6|  SharedType, 
 7|  SharedConstant, 
 8|  SharedEnum 
 9|} from './helper';
10|
11|// AnotherConsumerFunction uses SharedFunction in a different way
12|export function AnotherConsumerFunction(): void {
...
24|  
25|  // Using SharedType
26|  const mixedArray: SharedType[] = ["string", 42, "another"];
27|  
28|  // Using SharedConstant
29|  const prefixed = `PREFIX_${SharedConstant}`;
30|  
31|  // Using SharedEnum
32|  const enumValues = [SharedEnum.ONE, SharedEnum.TWO, SharedEnum.THREE];
33|  
34|  console.log(instance, iface, mixedArray, prefixed, enumValues);

---

/TEST_OUTPUT/workspace/consumer.ts
References in File: 2
At: L7:C3, L31:C15

 2|import { 
 3|  SharedFunction, 
 4|  SharedInterface, 
 5|  SharedClass, 
 6|  SharedType, 
 7|  SharedConstant, 
 8|  SharedEnum 
 9|} from './helper';
10|
11|// ConsumerFunction uses SharedFunction
12|export function ConsumerFunction(): void {
...
26|  const value: SharedType = "string value";
27|  const numValue: SharedType = 42;
28|  console.log(value, numValue);
29|  
30|  // Using SharedConstant
31|  console.log(SharedConstant);
32|  
33|  // Using SharedEnum
34|  console.log(SharedEnum.ONE);
35|}
