---

/TEST_OUTPUT/workspace/another_consumer.ts
References in File: 4
At: L8:C3, L32:C23, L32:C39, L32:C55

 3|  SharedFunction, 
 4|  SharedInterface, 
 5|  SharedClass, 
 6|  SharedType, 
 7|  SharedConstant, 
 8|  SharedEnum 
 9|} from './helper';
10|
11|// AnotherConsumerFunction uses SharedFunction in a different way
12|export function AnotherConsumerFunction(): void {
13|  const result = SharedFunction();
...
27|  
28|  // Using SharedConstant
29|  const prefixed = `PREFIX_${SharedConstant}`;
30|  
31|  // Using SharedEnum
32|  const enumValues = [SharedEnum.ONE, SharedEnum.TWO, SharedEnum.THREE];
33|  
34|  console.log(instance, iface, mixedArray, prefixed, enumValues);
35|}

---

/TEST_OUTPUT/workspace/consumer.ts
References in File: 2
At: L8:C3, L34:C15

 3|  SharedFunction, 
 4|  SharedInterface, 
 5|  SharedClass, 
 6|  SharedType, 
 7|  SharedConstant, 
 8|  SharedEnum 
 9|} from './helper';
10|
11|// ConsumerFunction uses SharedFunction
12|export function ConsumerFunction(): void {
13|  console.log("Consumer calling:", SharedFunction());
...
29|  
30|  // Using SharedConstant
31|  console.log(SharedConstant);
32|  
33|  // Using SharedEnum
34|  console.log(SharedEnum.ONE);
35|}
