===
/TEST_OUTPUT/workspace/another_consumer.ts
References in File: 2
===
Reference at Line 26, Column 21:
12|export function AnotherConsumerFunction(): void {
13|  const result = SharedFunction();
14|  console.log(`Result from shared function: ${result}`);
15|  
16|  // Using SharedClass differently
17|  const instance = new SharedClass("another instance");
18|  
19|  // Using SharedInterface
20|  const iface: SharedInterface = {
21|    getName: () => "custom implementation",
22|    getValue: () => 100
23|  };
24|  
25|  // Using SharedType
26|  const mixedArray: SharedType[] = ["string", 42, "another"];
27|  
28|  // Using SharedConstant
29|  const prefixed = `PREFIX_${SharedConstant}`;
30|  
31|  // Using SharedEnum
32|  const enumValues = [SharedEnum.ONE, SharedEnum.TWO, SharedEnum.THREE];
33|  
34|  console.log(instance, iface, mixedArray, prefixed, enumValues);
35|}

===
/TEST_OUTPUT/workspace/consumer.ts
References in File: 3
===
Reference at Line 26, Column 16:
12|export function ConsumerFunction(): void {
13|  console.log("Consumer calling:", SharedFunction());
14|  
15|  // Using SharedClass
16|  const instance = new SharedClass("test instance");
17|  console.log(instance.getName());
18|  instance.helperMethod();
19|  
20|  // Using SharedInterface
21|  const iface: SharedInterface = instance;
22|  console.log(iface.getName());
23|  console.log(iface.getValue());
24|  
25|  // Using SharedType
26|  const value: SharedType = "string value";
27|  const numValue: SharedType = 42;
28|  console.log(value, numValue);
29|  
30|  // Using SharedConstant
31|  console.log(SharedConstant);
32|  
33|  // Using SharedEnum
34|  console.log(SharedEnum.ONE);
35|}


Reference at Line 27, Column 19:
12|export function ConsumerFunction(): void {
13|  console.log("Consumer calling:", SharedFunction());
14|  
15|  // Using SharedClass
16|  const instance = new SharedClass("test instance");
17|  console.log(instance.getName());
18|  instance.helperMethod();
19|  
20|  // Using SharedInterface
21|  const iface: SharedInterface = instance;
22|  console.log(iface.getName());
23|  console.log(iface.getValue());
24|  
25|  // Using SharedType
26|  const value: SharedType = "string value";
27|  const numValue: SharedType = 42;
28|  console.log(value, numValue);
29|  
30|  // Using SharedConstant
31|  console.log(SharedConstant);
32|  
33|  // Using SharedEnum
34|  console.log(SharedEnum.ONE);
35|}

