================================================================================
Symbol: TestStruct
/TEST_OUTPUT/workspace/clean.go
Kind: Struct
Container Name: github.com/isaacphi/mcp-language-server/integrationtests/test-output/go/workspace
Start Position: Line 6, Column 1
End Position: Line 9, Column 2
================================================================================
 6|type TestStruct struct {
 7|	Name string
 8|	Age  int
 9|}

