================================================================================
Symbol: TestVariable
/TEST_OUTPUT/workspace/clean.go
Kind: Variable
Container Name: github.com/isaacphi/mcp-language-server/integrationtests/test-output/go/workspace
Start Position: Line 28, Column 1
End Position: Line 28, Column 22
================================================================================
28|var TestVariable = 42

