---

/TEST_OUTPUT/workspace/another_consumer.py
References in File: 2
At: L7:C5, L54:C13

 2|
 3|from helper import (
 4|    SHARED_CONSTANT,
 5|    SharedClass,
 6|    helper_function,
 7|    Color,
 8|)
 9|
10|
11|class AnotherImplementation:
12|    """A class that uses shared components but doesn't implement interfaces."""
...
31|def another_consumer_function() -> None:
...
49|    # Use helper function
50|    output = helper_function("another direct call")
51|    print(f"Helper output: {output}")
52|    
53|    # Use enum-like class with a different color
54|    color = Color.GREEN
55|    print(f"Selected color: {color}")

---

/TEST_OUTPUT/workspace/consumer.py
References in File: 2
At: L9:C5, L55:C13

 4|    helper_function,
 5|    get_items,
 6|    SharedClass,
 7|    SharedInterface,
 8|    SHARED_CONSTANT,
 9|    Color,
10|)
11|
12|
13|class MyImplementation(SharedInterface):
14|    """An implementation of the SharedInterface."""
...
34|def consumer_function() -> None:
...
50|    impl = MyImplementation()
51|    result = impl.process(items)
52|    print(f"Processed items: {result}")
53|
54|    # Use the enum
55|    color = Color.RED
56|    print(f"Selected color: {color}")
