===
/TEST_OUTPUT/workspace/consumer.py
References in File: 1
===
Reference at Line 51, Column 19:
34|def consumer_function() -> None:
35|    """Function that consumes the helper functions."""
36|    # Use the helper function
37|    message = helper_function("World")
38|    print(message)
39|
40|    # Get and process items from the helper
41|    items = get_items()
42|    for item in items:
43|        print(f"Processing {item}")
44|
45|    # Use the shared class
46|    shared = SharedClass[str]("consumer", SHARED_CONSTANT)
47|    print(f"Using shared class: {shared.get_name()} - {shared.get_value()}")
48|
49|    # Use our implementation of the shared interface
50|    impl = MyImplementation()
51|    result = impl.process(items)
52|    print(f"Processed items: {result}")
53|
54|    # Use the enum
55|    color = Color.RED
56|    print(f"Selected color: {color}")

