---

Symbol: method
/TEST_OUTPUT/workspace/src/types.rs
Kind: Function
Container Name: TestStruct
Range: L27:C1 - L29:C6

27|    pub fn method(&self) -> String {
28|        format!("{}: {}", self.name, self.value)
29|    }

---

Symbol: method
/TEST_OUTPUT/workspace/src/types.rs
Kind: Function
Container Name: SharedStruct
Range: L61:C1 - L63:C6

61|    pub fn method(&self) -> String {
62|        format!("SharedStruct: {}", self.name)
63|    }

